<?xml version="1.0" encoding="ISO-8859-1"?>
<GANGLIA_XML VERSION="3.1.7" SOURCE="mrapi">
<CLUSTER NAME="unspecified" LOCALTIME="1670856697" OWNER="unspecified" LATLONG="unspecified" URL="unspecified"></CLUSTER>
